// Vitest Snapshot v1, https://vitest.dev/guide/snapshot.html

exports[`snapshots > default 1`] = `
<div
  class="min-h-screen flex flex-col bg-white dark:bg-gray-950 transition-colors duration-200"
>
  <nav
    class="border-b border-gray-200 dark:border-gray-800 bg-white/80 dark:bg-gray-900/80 backdrop-blur-sm sticky top-0 z-50"
  >
    <div
      class="max-w-7xl mx-auto px-4 sm:px-6 lg:px-8"
    >
      <div
        class="flex items-center justify-between h-16"
      >
        <a
          class="flex items-center gap-3"
          data-discover="true"
          href="/"
        >
          <div
            class="w-8 h-8 rounded-lg bg-gradient-to-br from-cyan-400 to-blue-600 flex items-center justify-center text-xs font-bold text-white"
          >
            O
          </div>
          <span
            class="font-semibold text-lg hidden sm:block text-gray-900 dark:text-white"
          >
            Stellar Oracle
          </span>
        </a>
        <div
          class="hidden sm:flex items-center gap-1"
        >
          <a
            class="px-4 py-2 rounded-lg text-sm font-medium transition-colors bg-gray-100 dark:bg-gray-800 text-cyan-600 dark:text-cyan-400"
            data-discover="true"
            href="/"
          >
            Dashboard
          </a>
        </div>
        <div
          class="flex items-center gap-2"
        >
          <button
            aria-label="Open settings"
            class="p-2 rounded-lg text-gray-500 dark:text-gray-400 hover:text-gray-900 dark:hover:text-gray-200 hover:bg-gray-100 dark:hover:bg-gray-800 transition-colors"
          >
            <svg
              class="w-5 h-5"
              fill="none"
              stroke="currentColor"
              viewBox="0 0 24 24"
            >
              <path
                d="M10.325 4.317c.426-1.756 2.924-1.756 3.35 0a1.724 1.724 0 002.573 1.066c1.543-.94 3.31.826 2.37 2.37a1.724 1.724 0 001.066 2.573c1.756.426 1.756 2.924 0 3.35a1.724 1.724 0 00-1.066 2.573c.94 1.543-.826 3.31-2.37 2.37a1.724 1.724 0 00-2.573 1.066c-.426 1.756-2.924 1.756-3.35 0a1.724 1.724 0 00-2.573-1.066c-1.543.94-3.31-.826-2.37-2.37a1.724 1.724 0 00-1.066-2.573c-1.756-.426-1.756-2.924 0-3.35a1.724 1.724 0 001.066-2.573c-.94-1.543.826-3.31 2.37-2.37.996.608 2.296.07 2.572-1.065z"
                stroke-linecap="round"
                stroke-linejoin="round"
                stroke-width="2"
              />
              <path
                d="M15 12a3 3 0 11-6 0 3 3 0 016 0z"
                stroke-linecap="round"
                stroke-linejoin="round"
                stroke-width="2"
              />
            </svg>
          </button>
          <button
            aria-label="Switch to dark theme"
            class="p-2 rounded-lg text-gray-500 dark:text-gray-400 hover:text-gray-900 dark:hover:text-gray-200 hover:bg-gray-100 dark:hover:bg-gray-800 transition-colors"
          >
            <svg
              aria-hidden="true"
              class="w-5 h-5"
              fill="none"
              stroke="currentColor"
              viewBox="0 0 24 24"
            >
              <path
                d="M21 12.79A9 9 0 1111.21 3 7 7 0 0021 12.79z"
                stroke-linecap="round"
                stroke-linejoin="round"
                stroke-width="2"
              />
            </svg>
          </button>
          <button
            aria-label="Toggle menu"
            class="sm:hidden p-2 rounded-lg text-gray-500 dark:text-gray-400 hover:text-gray-900 dark:hover:text-gray-200 hover:bg-gray-100 dark:hover:bg-gray-800"
          >
            <svg
              class="w-6 h-6"
              fill="none"
              stroke="currentColor"
              viewBox="0 0 24 24"
            >
              <path
                d="M4 6h16M4 12h16M4 18h16"
                stroke-linecap="round"
                stroke-linejoin="round"
                stroke-width="2"
              />
            </svg>
          </button>
        </div>
      </div>
    </div>
  </nav>
  <main
    class="flex-1 max-w-7xl mx-auto px-4 sm:px-6 lg:px-8 py-8 w-full"
  >
    <div>
      Content
    </div>
  </main>
  <footer
    class="border-t border-gray-200 dark:border-gray-800 py-6 text-center text-sm text-gray-400 dark:text-gray-500"
  >
    Stellar Unified Price Oracle · Developer Portal & Analytics Dashboard
  </footer>
</div>
`;
