// Vitest Snapshot v1, https://vitest.dev/guide/snapshot.html

exports[`snapshots > default 1`] = `
<div
  aria-hidden="true"
  class="bg-white dark:bg-gray-900 border border-gray-200 dark:border-gray-800 rounded-xl p-5 animate-pulse"
>
  <div
    class="flex items-center justify-between mb-3"
  >
    <div
      class="h-5 w-28 bg-gray-200 dark:bg-gray-800 rounded"
    />
    <div
      class="h-2 w-2 rounded-full bg-gray-200 dark:bg-gray-800"
    />
  </div>
  <div
    class="h-9 w-36 bg-gray-200 dark:bg-gray-800 rounded mb-3"
  />
  <div
    class="flex items-center justify-between mb-3"
  >
    <div
      class="h-3 w-20 bg-gray-200 dark:bg-gray-800 rounded"
    />
    <div
      class="h-3 w-24 bg-gray-200 dark:bg-gray-800 rounded"
    />
  </div>
  <div
    class="flex gap-1.5"
  >
    <div
      class="h-5 w-16 bg-gray-200 dark:bg-gray-800 rounded"
    />
    <div
      class="h-5 w-16 bg-gray-200 dark:bg-gray-800 rounded"
    />
  </div>
</div>
`;
